Using device: cuda
Loading data...
Loading existing split...
Data scaled: mean=18318.7188, std=74747.2891
Epoch [1/100] - Train Loss: 223.66190 - (Psi: 3.662931/GS: 2199.989617)
--> Test Accuracy: 12.24601 - (Psi: 0.364025/GS: 118.819872)
Epoch [2/100] - Train Loss: 8.49939 - (Psi: 0.251278/GS: 82.481111)
--> Test Accuracy: 6.78964 - (Psi: 0.172042/GS: 66.176022)
Epoch [3/100] - Train Loss: 5.29578 - (Psi: 0.147932/GS: 51.478463)
--> Test Accuracy: 2.44729 - (Psi: 0.100032/GS: 23.472579)
Epoch [4/100] - Train Loss: 3.96539 - (Psi: 0.107358/GS: 38.580335)
--> Test Accuracy: 3.20711 - (Psi: 0.096680/GS: 31.104261)
Epoch [5/100] - Train Loss: 3.24345 - (Psi: 0.084183/GS: 31.592645)
--> Test Accuracy: 1.90385 - (Psi: 0.072830/GS: 18.310205)
Epoch [6/100] - Train Loss: 2.61130 - (Psi: 0.067231/GS: 25.440646)
--> Test Accuracy: 1.89390 - (Psi: 0.061981/GS: 18.319234)
Epoch [7/100] - Train Loss: 2.00080 - (Psi: 0.055167/GS: 19.456303)
--> Test Accuracy: 1.57361 - (Psi: 0.046162/GS: 15.274482)
Epoch [8/100] - Train Loss: 1.73194 - (Psi: 0.047267/GS: 16.846779)
--> Test Accuracy: 2.03600 - (Psi: 0.049908/GS: 19.860886)
Epoch [9/100] - Train Loss: 1.44428 - (Psi: 0.040216/GS: 14.040595)
--> Test Accuracy: 1.85983 - (Psi: 0.041060/GS: 18.187686)
Epoch [10/100] - Train Loss: 1.12946 - (Psi: 0.033815/GS: 10.956453)
--> Test Accuracy: 1.65487 - (Psi: 0.030122/GS: 16.247501)
Epoch [11/100] - Train Loss: 0.84048 - (Psi: 0.028522/GS: 8.119557)
--> Test Accuracy: 1.84682 - (Psi: 0.031566/GS: 18.152534)
Epoch [12/100] - Train Loss: 0.67857 - (Psi: 0.024426/GS: 6.541394)
--> Test Accuracy: 0.60464 - (Psi: 0.021322/GS: 5.833133)
Epoch [13/100] - Train Loss: 0.53140 - (Psi: 0.021540/GS: 5.098632)
--> Test Accuracy: 0.58458 - (Psi: 0.019414/GS: 5.651651)
Epoch [14/100] - Train Loss: 0.40818 - (Psi: 0.018755/GS: 3.894254)
--> Test Accuracy: 0.36640 - (Psi: 0.018183/GS: 3.482200)
Epoch [15/100] - Train Loss: 0.31850 - (Psi: 0.016743/GS: 3.017608)
--> Test Accuracy: 0.29282 - (Psi: 0.015748/GS: 2.770724)
Epoch [16/100] - Train Loss: 0.25346 - (Psi: 0.015105/GS: 2.383537)
--> Test Accuracy: 0.26539 - (Psi: 0.014662/GS: 2.507295)
Epoch [17/100] - Train Loss: 0.20354 - (Psi: 0.013797/GS: 1.897475)
--> Test Accuracy: 0.20928 - (Psi: 0.013352/GS: 1.959254)
Epoch [18/100] - Train Loss: 0.17603 - (Psi: 0.012971/GS: 1.630621)
--> Test Accuracy: 0.18199 - (Psi: 0.012906/GS: 1.690864)
Epoch [19/100] - Train Loss: 0.15923 - (Psi: 0.012435/GS: 1.467984)
--> Test Accuracy: 0.16129 - (Psi: 0.012245/GS: 1.490484)
Epoch [20/100] - Train Loss: 0.15027 - (Psi: 0.012169/GS: 1.380972)
--> Test Accuracy: 0.15262 - (Psi: 0.012077/GS: 1.405391)
Epoch [21/100] - Train Loss: 0.14912 - (Psi: 0.012070/GS: 1.370453)
--> Test Accuracy: 0.15262 - (Psi: 0.012077/GS: 1.405391)
Epoch [22/100] - Train Loss: 0.14911 - (Psi: 0.012089/GS: 1.370244)
--> Test Accuracy: 0.15174 - (Psi: 0.012013/GS: 1.397221)
Epoch [23/100] - Train Loss: 0.15319 - (Psi: 0.012029/GS: 1.411636)
--> Test Accuracy: 0.15364 - (Psi: 0.011959/GS: 1.416781)
Epoch [24/100] - Train Loss: 0.16038 - (Psi: 0.011892/GS: 1.484908)
--> Test Accuracy: 0.16496 - (Psi: 0.012005/GS: 1.529553)
Epoch [25/100] - Train Loss: 0.17480 - (Psi: 0.011775/GS: 1.630267)
--> Test Accuracy: 0.18783 - (Psi: 0.011580/GS: 1.762547)
Epoch [26/100] - Train Loss: 0.19549 - (Psi: 0.011657/GS: 1.838320)
--> Test Accuracy: 0.19111 - (Psi: 0.011292/GS: 1.798155)
Epoch [27/100] - Train Loss: 0.23789 - (Psi: 0.011780/GS: 2.261061)
--> Test Accuracy: 0.21839 - (Psi: 0.011816/GS: 2.065700)
Epoch [28/100] - Train Loss: 0.30694 - (Psi: 0.012253/GS: 2.946850)
--> Test Accuracy: 0.30446 - (Psi: 0.011512/GS: 2.929457)
Epoch [29/100] - Train Loss: 0.40415 - (Psi: 0.012966/GS: 3.911841)
--> Test Accuracy: 0.34974 - (Psi: 0.013197/GS: 3.365394)
Epoch [30/100] - Train Loss: 0.48988 - (Psi: 0.013910/GS: 4.759652)
--> Test Accuracy: 0.42762 - (Psi: 0.012971/GS: 4.146539)
Epoch [31/100] - Train Loss: 0.65741 - (Psi: 0.016130/GS: 6.412844)
--> Test Accuracy: 0.91993 - (Psi: 0.016223/GS: 9.037113)
Epoch [32/100] - Train Loss: 0.81544 - (Psi: 0.017931/GS: 7.975104)
--> Test Accuracy: 0.43862 - (Psi: 0.013353/GS: 4.252680)
Epoch [33/100] - Train Loss: 1.01275 - (Psi: 0.020204/GS: 9.925465)
--> Test Accuracy: 2.14046 - (Psi: 0.031100/GS: 21.093553)
Epoch [34/100] - Train Loss: 1.07691 - (Psi: 0.021685/GS: 10.552248)
--> Test Accuracy: 0.79168 - (Psi: 0.021929/GS: 7.697542)
Epoch [35/100] - Train Loss: 1.30539 - (Psi: 0.024528/GS: 12.808575)
--> Test Accuracy: 1.38514 - (Psi: 0.027242/GS: 13.579007)
Epoch [36/100] - Train Loss: 1.44954 - (Psi: 0.026064/GS: 14.234748)
--> Test Accuracy: 1.11884 - (Psi: 0.019521/GS: 10.993224)
Epoch [37/100] - Train Loss: 1.40259 - (Psi: 0.026640/GS: 13.759458)
--> Test Accuracy: 1.18747 - (Psi: 0.025243/GS: 11.622250)
Epoch [38/100] - Train Loss: 1.41659 - (Psi: 0.027004/GS: 13.895816)
--> Test Accuracy: 1.72268 - (Psi: 0.022907/GS: 16.997691)
Epoch [39/100] - Train Loss: 1.46839 - (Psi: 0.027376/GS: 14.410123)
--> Test Accuracy: 1.12807 - (Psi: 0.019963/GS: 11.081087)
Epoch [40/100] - Train Loss: 1.54808 - (Psi: 0.028627/GS: 15.194502)
--> Test Accuracy: 3.00322 - (Psi: 0.051558/GS: 29.516570)
Epoch [41/100] - Train Loss: 1.41601 - (Psi: 0.026423/GS: 13.895878)
--> Test Accuracy: 2.37756 - (Psi: 0.025316/GS: 23.522471)
Epoch [42/100] - Train Loss: 1.41579 - (Psi: 0.027037/GS: 13.887556)
--> Test Accuracy: 2.01037 - (Psi: 0.047118/GS: 19.632471)
Epoch [43/100] - Train Loss: 1.32657 - (Psi: 0.024793/GS: 13.017749)
--> Test Accuracy: 0.93374 - (Psi: 0.017015/GS: 9.167246)
Epoch [44/100] - Train Loss: 1.20317 - (Psi: 0.023346/GS: 11.798190)
--> Test Accuracy: 1.01375 - (Psi: 0.015674/GS: 9.980789)
Epoch [45/100] - Train Loss: 1.11430 - (Psi: 0.020911/GS: 10.933846)
--> Test Accuracy: 1.64063 - (Psi: 0.020794/GS: 16.198397)
Epoch [46/100] - Train Loss: 0.99299 - (Psi: 0.019610/GS: 9.733767)
--> Test Accuracy: 0.53550 - (Psi: 0.015961/GS: 5.195437)
Epoch [47/100] - Train Loss: 0.88863 - (Psi: 0.018031/GS: 8.705949)
--> Test Accuracy: 0.80208 - (Psi: 0.013683/GS: 7.883982)
Epoch [48/100] - Train Loss: 0.70262 - (Psi: 0.015217/GS: 6.874055)
--> Test Accuracy: 0.52186 - (Psi: 0.012397/GS: 5.094630)
Epoch [49/100] - Train Loss: 0.61852 - (Psi: 0.013987/GS: 6.045288)
--> Test Accuracy: 0.46625 - (Psi: 0.011049/GS: 4.552044)
Epoch [50/100] - Train Loss: 0.50597 - (Psi: 0.012129/GS: 4.938384)
--> Test Accuracy: 0.47383 - (Psi: 0.011104/GS: 4.627237)
Epoch [51/100] - Train Loss: 0.39062 - (Psi: 0.010302/GS: 3.803191)
--> Test Accuracy: 0.45728 - (Psi: 0.010783/GS: 4.464934)
Epoch [52/100] - Train Loss: 0.29847 - (Psi: 0.008765/GS: 2.897087)
--> Test Accuracy: 0.37473 - (Psi: 0.009919/GS: 3.648100)
Epoch [53/100] - Train Loss: 0.24373 - (Psi: 0.007606/GS: 2.361200)
--> Test Accuracy: 0.24047 - (Psi: 0.007557/GS: 2.329148)
Epoch [54/100] - Train Loss: 0.17771 - (Psi: 0.006555/GS: 1.711544)
--> Test Accuracy: 0.16502 - (Psi: 0.005874/GS: 1.591418)
Epoch [55/100] - Train Loss: 0.14419 - (Psi: 0.005854/GS: 1.383328)
--> Test Accuracy: 0.13117 - (Psi: 0.005502/GS: 1.256716)
Epoch [56/100] - Train Loss: 0.11177 - (Psi: 0.005251/GS: 1.065150)
--> Test Accuracy: 0.09548 - (Psi: 0.004893/GS: 0.905900)
Epoch [57/100] - Train Loss: 0.09310 - (Psi: 0.004829/GS: 0.882661)
--> Test Accuracy: 0.09744 - (Psi: 0.005129/GS: 0.923087)
Epoch [58/100] - Train Loss: 0.08137 - (Psi: 0.004557/GS: 0.768153)
--> Test Accuracy: 0.08712 - (Psi: 0.004536/GS: 0.825836)
Epoch [59/100] - Train Loss: 0.07427 - (Psi: 0.004368/GS: 0.699025)
--> Test Accuracy: 0.07737 - (Psi: 0.004436/GS: 0.729367)
Epoch [60/100] - Train Loss: 0.07061 - (Psi: 0.004274/GS: 0.663361)
--> Test Accuracy: 0.07354 - (Psi: 0.004258/GS: 0.692767)
Epoch [61/100] - Train Loss: 0.07045 - (Psi: 0.004250/GS: 0.661957)
--> Test Accuracy: 0.07354 - (Psi: 0.004258/GS: 0.692767)
Epoch [62/100] - Train Loss: 0.07021 - (Psi: 0.004250/GS: 0.659598)
--> Test Accuracy: 0.07317 - (Psi: 0.004252/GS: 0.689195)
Epoch [63/100] - Train Loss: 0.07227 - (Psi: 0.004260/GS: 0.680087)
--> Test Accuracy: 0.07398 - (Psi: 0.004209/GS: 0.697678)
Epoch [64/100] - Train Loss: 0.07609 - (Psi: 0.004283/GS: 0.718108)
--> Test Accuracy: 0.08049 - (Psi: 0.004263/GS: 0.762269)
Epoch [65/100] - Train Loss: 0.08291 - (Psi: 0.004314/GS: 0.786003)
--> Test Accuracy: 0.08134 - (Psi: 0.004220/GS: 0.771150)
Epoch [66/100] - Train Loss: 0.09452 - (Psi: 0.004370/GS: 0.901501)
--> Test Accuracy: 0.08903 - (Psi: 0.004115/GS: 0.849183)
Epoch [67/100] - Train Loss: 0.12126 - (Psi: 0.004607/GS: 1.166566)
--> Test Accuracy: 0.11995 - (Psi: 0.004455/GS: 1.154988)
Epoch [68/100] - Train Loss: 0.15069 - (Psi: 0.004991/GS: 1.456958)
--> Test Accuracy: 0.17193 - (Psi: 0.005467/GS: 1.664611)
Epoch [69/100] - Train Loss: 0.19190 - (Psi: 0.005371/GS: 1.865279)
--> Test Accuracy: 0.25295 - (Psi: 0.005984/GS: 2.469680)
Epoch [70/100] - Train Loss: 0.25649 - (Psi: 0.006239/GS: 2.502541)
--> Test Accuracy: 0.32855 - (Psi: 0.005904/GS: 3.226449)
Epoch [71/100] - Train Loss: 0.32690 - (Psi: 0.007052/GS: 3.198475)
--> Test Accuracy: 0.34416 - (Psi: 0.008108/GS: 3.360547)
Epoch [72/100] - Train Loss: 0.44552 - (Psi: 0.008829/GS: 4.366869)
--> Test Accuracy: 0.56859 - (Psi: 0.010248/GS: 5.583391)
Epoch [73/100] - Train Loss: 0.54414 - (Psi: 0.010376/GS: 5.337665)
--> Test Accuracy: 0.56910 - (Psi: 0.008758/GS: 5.603377)
Epoch [74/100] - Train Loss: 0.61513 - (Psi: 0.011434/GS: 6.036923)
--> Test Accuracy: 0.45945 - (Psi: 0.009210/GS: 4.502379)
Epoch [75/100] - Train Loss: 0.68922 - (Psi: 0.013150/GS: 6.760747)
--> Test Accuracy: 1.17170 - (Psi: 0.018219/GS: 11.534836)
Epoch [76/100] - Train Loss: 0.80832 - (Psi: 0.013945/GS: 7.943719)
--> Test Accuracy: 0.83925 - (Psi: 0.012300/GS: 8.269535)
Epoch [77/100] - Train Loss: 0.86475 - (Psi: 0.015760/GS: 8.489869)
--> Test Accuracy: 0.83085 - (Psi: 0.010770/GS: 8.200784)
Epoch [78/100] - Train Loss: 0.97419 - (Psi: 0.016539/GS: 9.576500)
--> Test Accuracy: 0.76794 - (Psi: 0.010769/GS: 7.571715)
Epoch [79/100] - Train Loss: 0.96629 - (Psi: 0.016887/GS: 9.494017)
--> Test Accuracy: 0.71103 - (Psi: 0.014317/GS: 6.967162)
Epoch [80/100] - Train Loss: 1.02737 - (Psi: 0.018417/GS: 10.089525)
--> Test Accuracy: 1.68752 - (Psi: 0.019306/GS: 16.682106)
Epoch [81/100] - Train Loss: 0.97423 - (Psi: 0.018598/GS: 9.556305)
--> Test Accuracy: 0.90823 - (Psi: 0.017519/GS: 8.907067)
Epoch [82/100] - Train Loss: 0.89167 - (Psi: 0.016117/GS: 8.755499)
--> Test Accuracy: 0.97049 - (Psi: 0.016329/GS: 9.541594)
Epoch [83/100] - Train Loss: 0.92276 - (Psi: 0.016517/GS: 9.062456)
--> Test Accuracy: 0.69281 - (Psi: 0.010674/GS: 6.821355)
Epoch [84/100] - Train Loss: 0.84750 - (Psi: 0.017021/GS: 8.304835)
--> Test Accuracy: 0.46411 - (Psi: 0.010869/GS: 4.532416)
Epoch [85/100] - Train Loss: 0.80520 - (Psi: 0.014629/GS: 7.905735)
--> Test Accuracy: 0.49603 - (Psi: 0.009513/GS: 4.865119)
Epoch [86/100] - Train Loss: 0.61812 - (Psi: 0.012072/GS: 6.060480)
--> Test Accuracy: 0.40537 - (Psi: 0.010599/GS: 3.947749)
Epoch [87/100] - Train Loss: 0.63483 - (Psi: 0.012383/GS: 6.224424)
--> Test Accuracy: 0.87397 - (Psi: 0.015981/GS: 8.579860)
Epoch [88/100] - Train Loss: 0.54768 - (Psi: 0.011707/GS: 5.359683)
--> Test Accuracy: 0.26736 - (Psi: 0.006366/GS: 2.609988)
Epoch [89/100] - Train Loss: 0.40122 - (Psi: 0.008759/GS: 3.924585)
--> Test Accuracy: 0.42821 - (Psi: 0.008306/GS: 4.199063)
Epoch [90/100] - Train Loss: 0.33672 - (Psi: 0.007631/GS: 3.290878)
--> Test Accuracy: 0.27105 - (Psi: 0.006581/GS: 2.644723)
Epoch [91/100] - Train Loss: 0.27722 - (Psi: 0.007002/GS: 2.702145)
--> Test Accuracy: 0.23695 - (Psi: 0.006042/GS: 2.309088)
Epoch [92/100] - Train Loss: 0.22133 - (Psi: 0.006185/GS: 2.151478)
--> Test Accuracy: 0.31174 - (Psi: 0.006330/GS: 3.054067)
Epoch [93/100] - Train Loss: 0.16182 - (Psi: 0.004940/GS: 1.568800)
--> Test Accuracy: 0.17754 - (Psi: 0.006250/GS: 1.712882)
Epoch [94/100] - Train Loss: 0.12902 - (Psi: 0.004387/GS: 1.246314)
--> Test Accuracy: 0.12456 - (Psi: 0.003936/GS: 1.206246)
Epoch [95/100] - Train Loss: 0.10064 - (Psi: 0.003803/GS: 0.968412)
--> Test Accuracy: 0.13328 - (Psi: 0.004682/GS: 1.285969)
Epoch [96/100] - Train Loss: 0.08209 - (Psi: 0.003422/GS: 0.786716)
--> Test Accuracy: 0.07571 - (Psi: 0.003275/GS: 0.724392)
Epoch [97/100] - Train Loss: 0.06912 - (Psi: 0.003158/GS: 0.659630)
--> Test Accuracy: 0.06856 - (Psi: 0.002956/GS: 0.656074)
Epoch [98/100] - Train Loss: 0.06050 - (Psi: 0.002964/GS: 0.575374)
--> Test Accuracy: 0.06096 - (Psi: 0.002881/GS: 0.580818)
Epoch [99/100] - Train Loss: 0.05573 - (Psi: 0.002837/GS: 0.528928)
--> Test Accuracy: 0.05846 - (Psi: 0.002781/GS: 0.556825)
Epoch [100/100] - Train Loss: 0.05317 - (Psi: 0.002770/GS: 0.503979)
--> Test Accuracy: 0.05578 - (Psi: 0.002757/GS: 0.530183)

--- Flux Training Benchmarks ---
Psi -> MSE: 0.002759, R2: 0.999944
GS  -> MSE: 0.501632, R2: 0.999992

--- Flux Validation Benchmarks ---
Psi -> MSE: 0.002757, R2: 0.999944
GS  -> MSE: 0.530077, R2: 0.999991
Saved results to flux_results.png
Saved reconstructed flux to reconstructed_dataset.mat
