Using device: cuda
Loading data...
Loading existing split...
Data scaled: mean=18318.7188, std=74747.2891
Resuming from Epoch 402
Epoch [403/500] - Train Loss: 0.029936 - (Psi: 0.002052/GS: 0.278848)
--> Test Accuracy: 0.032407 - (Psi: 0.002098/GS: 0.303088)
Epoch [404/500] - Train Loss: 0.030024 - (Psi: 0.002052/GS: 0.279720)
--> Test Accuracy: 0.032402 - (Psi: 0.002098/GS: 0.303037)
Epoch [405/500] - Train Loss: 0.029903 - (Psi: 0.002052/GS: 0.278516)
--> Test Accuracy: 0.032403 - (Psi: 0.002098/GS: 0.303047)
Epoch [406/500] - Train Loss: 0.029965 - (Psi: 0.002053/GS: 0.279124)
--> Test Accuracy: 0.032405 - (Psi: 0.002098/GS: 0.303076)
Epoch [407/500] - Train Loss: 0.029993 - (Psi: 0.002055/GS: 0.279377)
--> Test Accuracy: 0.032401 - (Psi: 0.002098/GS: 0.303035)
Epoch [408/500] - Train Loss: 0.029938 - (Psi: 0.002051/GS: 0.278868)
--> Test Accuracy: 0.032400 - (Psi: 0.002098/GS: 0.303022)
Epoch [409/500] - Train Loss: 0.029952 - (Psi: 0.002064/GS: 0.278886)
--> Test Accuracy: 0.032403 - (Psi: 0.002098/GS: 0.303051)
Epoch [410/500] - Train Loss: 0.029953 - (Psi: 0.002057/GS: 0.278955)
--> Test Accuracy: 0.032401 - (Psi: 0.002098/GS: 0.303036)
Epoch [411/500] - Train Loss: 0.029873 - (Psi: 0.002044/GS: 0.278285)
--> Test Accuracy: 0.032405 - (Psi: 0.002098/GS: 0.303068)
Epoch [412/500] - Train Loss: 0.030026 - (Psi: 0.002060/GS: 0.279653)
--> Test Accuracy: 0.032401 - (Psi: 0.002098/GS: 0.303029)
Epoch [413/500] - Train Loss: 0.029926 - (Psi: 0.002052/GS: 0.278734)
--> Test Accuracy: 0.032407 - (Psi: 0.002098/GS: 0.303089)
Epoch [414/500] - Train Loss: 0.029875 - (Psi: 0.002048/GS: 0.278276)
--> Test Accuracy: 0.032403 - (Psi: 0.002098/GS: 0.303054)
Epoch [415/500] - Train Loss: 0.030076 - (Psi: 0.002059/GS: 0.280165)
--> Test Accuracy: 0.032403 - (Psi: 0.002098/GS: 0.303052)
Epoch [416/500] - Train Loss: 0.029981 - (Psi: 0.002053/GS: 0.279277)
--> Test Accuracy: 0.032403 - (Psi: 0.002098/GS: 0.303050)
Epoch [417/500] - Train Loss: 0.030083 - (Psi: 0.002064/GS: 0.280188)
--> Test Accuracy: 0.032402 - (Psi: 0.002098/GS: 0.303040)
Epoch [418/500] - Train Loss: 0.029915 - (Psi: 0.002046/GS: 0.278681)
--> Test Accuracy: 0.032402 - (Psi: 0.002098/GS: 0.303041)
Epoch [419/500] - Train Loss: 0.029951 - (Psi: 0.002051/GS: 0.279001)
--> Test Accuracy: 0.032401 - (Psi: 0.002098/GS: 0.303035)
Epoch [420/500] - Train Loss: 0.030022 - (Psi: 0.002056/GS: 0.279665)
--> Test Accuracy: 0.032402 - (Psi: 0.002098/GS: 0.303043)
Epoch [421/500] - Train Loss: 0.030019 - (Psi: 0.002058/GS: 0.279617)
--> Test Accuracy: 0.032402 - (Psi: 0.002098/GS: 0.303042)
Epoch [422/500] - Train Loss: 0.030023 - (Psi: 0.002053/GS: 0.279698)
--> Test Accuracy: 0.032402 - (Psi: 0.002098/GS: 0.303042)
Epoch [423/500] - Train Loss: 0.029945 - (Psi: 0.002062/GS: 0.278825)
--> Test Accuracy: 0.032402 - (Psi: 0.002098/GS: 0.303041)
Epoch [424/500] - Train Loss: 0.030027 - (Psi: 0.002069/GS: 0.279577)
--> Test Accuracy: 0.032404 - (Psi: 0.002098/GS: 0.303064)
Epoch [425/500] - Train Loss: 0.030041 - (Psi: 0.002056/GS: 0.279853)
--> Test Accuracy: 0.032402 - (Psi: 0.002098/GS: 0.303041)
Epoch [426/500] - Train Loss: 0.029937 - (Psi: 0.002052/GS: 0.278855)
--> Test Accuracy: 0.032402 - (Psi: 0.002098/GS: 0.303037)
Epoch [427/500] - Train Loss: 0.030008 - (Psi: 0.002054/GS: 0.279541)
--> Test Accuracy: 0.032402 - (Psi: 0.002098/GS: 0.303043)
Epoch [428/500] - Train Loss: 0.030175 - (Psi: 0.002056/GS: 0.281192)
--> Test Accuracy: 0.032405 - (Psi: 0.002098/GS: 0.303071)
Epoch [429/500] - Train Loss: 0.029933 - (Psi: 0.002048/GS: 0.278855)
--> Test Accuracy: 0.032401 - (Psi: 0.002098/GS: 0.303027)
Epoch [430/500] - Train Loss: 0.030006 - (Psi: 0.002056/GS: 0.279502)
--> Test Accuracy: 0.032403 - (Psi: 0.002098/GS: 0.303049)
Epoch [431/500] - Train Loss: 0.029956 - (Psi: 0.002046/GS: 0.279101)
--> Test Accuracy: 0.032406 - (Psi: 0.002098/GS: 0.303084)
Epoch [432/500] - Train Loss: 0.029955 - (Psi: 0.002048/GS: 0.279069)
--> Test Accuracy: 0.032405 - (Psi: 0.002098/GS: 0.303073)
Epoch [433/500] - Train Loss: 0.029941 - (Psi: 0.002046/GS: 0.278950)
--> Test Accuracy: 0.032406 - (Psi: 0.002098/GS: 0.303082)
Epoch [434/500] - Train Loss: 0.030000 - (Psi: 0.002061/GS: 0.279394)
--> Test Accuracy: 0.032408 - (Psi: 0.002098/GS: 0.303105)
Epoch [435/500] - Train Loss: 0.029909 - (Psi: 0.002049/GS: 0.278599)
--> Test Accuracy: 0.032400 - (Psi: 0.002098/GS: 0.303017)
Epoch [436/500] - Train Loss: 0.029857 - (Psi: 0.002048/GS: 0.278086)
--> Test Accuracy: 0.032405 - (Psi: 0.002098/GS: 0.303072)
Epoch [437/500] - Train Loss: 0.029925 - (Psi: 0.002057/GS: 0.278676)
--> Test Accuracy: 0.032404 - (Psi: 0.002098/GS: 0.303060)
Epoch [438/500] - Train Loss: 0.029869 - (Psi: 0.002048/GS: 0.278208)
--> Test Accuracy: 0.032404 - (Psi: 0.002098/GS: 0.303063)
Epoch [439/500] - Train Loss: 0.030021 - (Psi: 0.002059/GS: 0.279612)
--> Test Accuracy: 0.032402 - (Psi: 0.002098/GS: 0.303046)
Epoch [440/500] - Train Loss: 0.029924 - (Psi: 0.002045/GS: 0.278787)
--> Test Accuracy: 0.032401 - (Psi: 0.002098/GS: 0.303035)
Epoch [441/500] - Train Loss: 0.029920 - (Psi: 0.002044/GS: 0.278757)
--> Test Accuracy: 0.032407 - (Psi: 0.002098/GS: 0.303094)
Epoch [442/500] - Train Loss: 0.030071 - (Psi: 0.002061/GS: 0.280101)
--> Test Accuracy: 0.032407 - (Psi: 0.002098/GS: 0.303091)
Epoch [443/500] - Train Loss: 0.029998 - (Psi: 0.002059/GS: 0.279394)
--> Test Accuracy: 0.032409 - (Psi: 0.002098/GS: 0.303108)
Epoch [444/500] - Train Loss: 0.029955 - (Psi: 0.002051/GS: 0.279035)
--> Test Accuracy: 0.032404 - (Psi: 0.002098/GS: 0.303059)
Epoch [445/500] - Train Loss: 0.029906 - (Psi: 0.002055/GS: 0.278514)
--> Test Accuracy: 0.032404 - (Psi: 0.002098/GS: 0.303065)
Epoch [446/500] - Train Loss: 0.029970 - (Psi: 0.002055/GS: 0.279151)
--> Test Accuracy: 0.032408 - (Psi: 0.002098/GS: 0.303101)
Epoch [447/500] - Train Loss: 0.029929 - (Psi: 0.002051/GS: 0.278786)
--> Test Accuracy: 0.032406 - (Psi: 0.002098/GS: 0.303081)
Epoch [448/500] - Train Loss: 0.029979 - (Psi: 0.002056/GS: 0.279234)
--> Test Accuracy: 0.032401 - (Psi: 0.002098/GS: 0.303038)
Epoch [449/500] - Train Loss: 0.029914 - (Psi: 0.002045/GS: 0.278696)
--> Test Accuracy: 0.032403 - (Psi: 0.002098/GS: 0.303050)
Epoch [450/500] - Train Loss: 0.030024 - (Psi: 0.002062/GS: 0.279612)
--> Test Accuracy: 0.032400 - (Psi: 0.002098/GS: 0.303018)
Epoch [451/500] - Train Loss: 0.030039 - (Psi: 0.002060/GS: 0.279793)
--> Test Accuracy: 0.032404 - (Psi: 0.002098/GS: 0.303057)
Epoch [452/500] - Train Loss: 0.029883 - (Psi: 0.002053/GS: 0.278299)
--> Test Accuracy: 0.032400 - (Psi: 0.002098/GS: 0.303028)
Epoch [453/500] - Train Loss: 0.029930 - (Psi: 0.002049/GS: 0.278816)
--> Test Accuracy: 0.032407 - (Psi: 0.002098/GS: 0.303095)
Epoch [454/500] - Train Loss: 0.029921 - (Psi: 0.002053/GS: 0.278687)
--> Test Accuracy: 0.032408 - (Psi: 0.002098/GS: 0.303104)
Epoch [455/500] - Train Loss: 0.029865 - (Psi: 0.002044/GS: 0.278215)
--> Test Accuracy: 0.032405 - (Psi: 0.002098/GS: 0.303074)
Epoch [456/500] - Train Loss: 0.029901 - (Psi: 0.002046/GS: 0.278543)
--> Test Accuracy: 0.032409 - (Psi: 0.002098/GS: 0.303112)
Epoch [457/500] - Train Loss: 0.029939 - (Psi: 0.002047/GS: 0.278926)
--> Test Accuracy: 0.032409 - (Psi: 0.002098/GS: 0.303118)
Epoch [458/500] - Train Loss: 0.029953 - (Psi: 0.002055/GS: 0.278979)
--> Test Accuracy: 0.032403 - (Psi: 0.002098/GS: 0.303056)
Epoch [459/500] - Train Loss: 0.029961 - (Psi: 0.002050/GS: 0.279116)
--> Test Accuracy: 0.032409 - (Psi: 0.002098/GS: 0.303111)
Epoch [460/500] - Train Loss: 0.030175 - (Psi: 0.002064/GS: 0.281117)
--> Test Accuracy: 0.032407 - (Psi: 0.002098/GS: 0.303096)
Epoch [461/500] - Train Loss: 0.029985 - (Psi: 0.002056/GS: 0.279290)
--> Test Accuracy: 0.032411 - (Psi: 0.002098/GS: 0.303128)
Epoch [462/500] - Train Loss: 0.030054 - (Psi: 0.002058/GS: 0.279957)
--> Test Accuracy: 0.032409 - (Psi: 0.002098/GS: 0.303108)
Epoch [463/500] - Train Loss: 0.030000 - (Psi: 0.002065/GS: 0.279355)
--> Test Accuracy: 0.032408 - (Psi: 0.002098/GS: 0.303106)
Epoch [464/500] - Train Loss: 0.029988 - (Psi: 0.002057/GS: 0.279312)
--> Test Accuracy: 0.032408 - (Psi: 0.002098/GS: 0.303100)
Epoch [465/500] - Train Loss: 0.029995 - (Psi: 0.002065/GS: 0.279299)
--> Test Accuracy: 0.032411 - (Psi: 0.002098/GS: 0.303132)
Epoch [466/500] - Train Loss: 0.029987 - (Psi: 0.002051/GS: 0.279356)
--> Test Accuracy: 0.032409 - (Psi: 0.002098/GS: 0.303109)
Epoch [467/500] - Train Loss: 0.029952 - (Psi: 0.002060/GS: 0.278920)
--> Test Accuracy: 0.032410 - (Psi: 0.002098/GS: 0.303120)
Epoch [468/500] - Train Loss: 0.029994 - (Psi: 0.002063/GS: 0.279310)
--> Test Accuracy: 0.032408 - (Psi: 0.002098/GS: 0.303105)
Epoch [469/500] - Train Loss: 0.030005 - (Psi: 0.002049/GS: 0.279551)
--> Test Accuracy: 0.032405 - (Psi: 0.002098/GS: 0.303075)
Epoch [470/500] - Train Loss: 0.030076 - (Psi: 0.002063/GS: 0.280137)
--> Test Accuracy: 0.032406 - (Psi: 0.002098/GS: 0.303084)
Epoch [471/500] - Train Loss: 0.029982 - (Psi: 0.002057/GS: 0.279258)
--> Test Accuracy: 0.032409 - (Psi: 0.002098/GS: 0.303111)
Epoch [472/500] - Train Loss: 0.029855 - (Psi: 0.002045/GS: 0.278096)
--> Test Accuracy: 0.032404 - (Psi: 0.002098/GS: 0.303054)
Epoch [473/500] - Train Loss: 0.029978 - (Psi: 0.002061/GS: 0.279170)
--> Test Accuracy: 0.032408 - (Psi: 0.002098/GS: 0.303097)
Epoch [474/500] - Train Loss: 0.029972 - (Psi: 0.002043/GS: 0.279297)
--> Test Accuracy: 0.032407 - (Psi: 0.002098/GS: 0.303088)
Epoch [475/500] - Train Loss: 0.029914 - (Psi: 0.002054/GS: 0.278603)
--> Test Accuracy: 0.032402 - (Psi: 0.002098/GS: 0.303045)
Epoch [476/500] - Train Loss: 0.029943 - (Psi: 0.002050/GS: 0.278937)
--> Test Accuracy: 0.032406 - (Psi: 0.002098/GS: 0.303084)
Epoch [477/500] - Train Loss: 0.029963 - (Psi: 0.002053/GS: 0.279107)
--> Test Accuracy: 0.032406 - (Psi: 0.002098/GS: 0.303086)
Epoch [478/500] - Train Loss: 0.029944 - (Psi: 0.002051/GS: 0.278929)
--> Test Accuracy: 0.032404 - (Psi: 0.002098/GS: 0.303061)
Epoch [479/500] - Train Loss: 0.029950 - (Psi: 0.002059/GS: 0.278910)
--> Test Accuracy: 0.032408 - (Psi: 0.002098/GS: 0.303098)
Epoch [480/500] - Train Loss: 0.029951 - (Psi: 0.002053/GS: 0.278979)
--> Test Accuracy: 0.032407 - (Psi: 0.002098/GS: 0.303095)
Epoch [481/500] - Train Loss: 0.029878 - (Psi: 0.002050/GS: 0.278278)
--> Test Accuracy: 0.032405 - (Psi: 0.002098/GS: 0.303070)
Epoch [482/500] - Train Loss: 0.030042 - (Psi: 0.002052/GS: 0.279898)
--> Test Accuracy: 0.032409 - (Psi: 0.002098/GS: 0.303113)
Epoch [483/500] - Train Loss: 0.029885 - (Psi: 0.002044/GS: 0.278402)
--> Test Accuracy: 0.032404 - (Psi: 0.002098/GS: 0.303069)
Epoch [484/500] - Train Loss: 0.029821 - (Psi: 0.002040/GS: 0.277803)
--> Test Accuracy: 0.032407 - (Psi: 0.002098/GS: 0.303089)
Epoch [485/500] - Train Loss: 0.029935 - (Psi: 0.002051/GS: 0.278837)
--> Test Accuracy: 0.032405 - (Psi: 0.002098/GS: 0.303070)
Epoch [486/500] - Train Loss: 0.029890 - (Psi: 0.002051/GS: 0.278399)
--> Test Accuracy: 0.032404 - (Psi: 0.002098/GS: 0.303058)
Epoch [487/500] - Train Loss: 0.029921 - (Psi: 0.002049/GS: 0.278725)
--> Test Accuracy: 0.032405 - (Psi: 0.002098/GS: 0.303067)
Epoch [488/500] - Train Loss: 0.029917 - (Psi: 0.002043/GS: 0.278748)
--> Test Accuracy: 0.032404 - (Psi: 0.002098/GS: 0.303064)
Epoch [489/500] - Train Loss: 0.029966 - (Psi: 0.002056/GS: 0.279096)
--> Test Accuracy: 0.032405 - (Psi: 0.002098/GS: 0.303071)
Epoch [490/500] - Train Loss: 0.029973 - (Psi: 0.002056/GS: 0.279167)
--> Test Accuracy: 0.032409 - (Psi: 0.002098/GS: 0.303108)
Epoch [491/500] - Train Loss: 0.030105 - (Psi: 0.002066/GS: 0.280390)
--> Test Accuracy: 0.032405 - (Psi: 0.002098/GS: 0.303072)
Epoch [492/500] - Train Loss: 0.029972 - (Psi: 0.002058/GS: 0.279147)
--> Test Accuracy: 0.032405 - (Psi: 0.002098/GS: 0.303073)
Epoch [493/500] - Train Loss: 0.029946 - (Psi: 0.002047/GS: 0.278983)
--> Test Accuracy: 0.032403 - (Psi: 0.002098/GS: 0.303054)
Epoch [494/500] - Train Loss: 0.030007 - (Psi: 0.002064/GS: 0.279430)
--> Test Accuracy: 0.032407 - (Psi: 0.002098/GS: 0.303095)
Epoch [495/500] - Train Loss: 0.029987 - (Psi: 0.002048/GS: 0.279392)
--> Test Accuracy: 0.032401 - (Psi: 0.002098/GS: 0.303032)
Epoch [496/500] - Train Loss: 0.029983 - (Psi: 0.002055/GS: 0.279274)
--> Test Accuracy: 0.032401 - (Psi: 0.002097/GS: 0.303033)
Epoch [497/500] - Train Loss: 0.030010 - (Psi: 0.002068/GS: 0.279422)
--> Test Accuracy: 0.032403 - (Psi: 0.002098/GS: 0.303049)
Epoch [498/500] - Train Loss: 0.029895 - (Psi: 0.002047/GS: 0.278484)
--> Test Accuracy: 0.032397 - (Psi: 0.002098/GS: 0.302995)
Epoch [499/500] - Train Loss: 0.029898 - (Psi: 0.002047/GS: 0.278510)
--> Test Accuracy: 0.032401 - (Psi: 0.002098/GS: 0.303027)
Epoch [500/500] - Train Loss: 0.029958 - (Psi: 0.002051/GS: 0.279070)
--> Test Accuracy: 0.032398 - (Psi: 0.002098/GS: 0.303001)

--- Flux Training Benchmarks ---
Psi -> MSE: 0.002053, R2: 0.999958
GS  -> MSE: 0.277209, R2: 0.999995

--- Flux Validation Benchmarks ---
Psi -> MSE: 0.002076, R2: 0.999958
GS  -> MSE: 0.295861, R2: 0.999995
Saved results to flux_results.png
