Using device: cuda
Loading data...
Loading existing split...
Data scaled: mean=18318.7188, std=74747.2891
Resuming from Epoch 100
Epoch [101/300] - Train Loss: 0.05293 - (Psi: 0.002760/GS: 0.501661)
--> Test Accuracy: 0.05578 - (Psi: 0.002757/GS: 0.530183)
Epoch [102/300] - Train Loss: 0.05292 - (Psi: 0.002758/GS: 0.501607)
--> Test Accuracy: 0.05559 - (Psi: 0.002747/GS: 0.528391)
Epoch [103/300] - Train Loss: 0.05444 - (Psi: 0.002786/GS: 0.516513)
--> Test Accuracy: 0.05658 - (Psi: 0.002731/GS: 0.538459)
Epoch [104/300] - Train Loss: 0.05713 - (Psi: 0.002801/GS: 0.543299)
--> Test Accuracy: 0.05916 - (Psi: 0.002718/GS: 0.564411)
Epoch [105/300] - Train Loss: 0.06218 - (Psi: 0.002850/GS: 0.593326)
--> Test Accuracy: 0.06557 - (Psi: 0.002813/GS: 0.627615)
Epoch [106/300] - Train Loss: 0.07225 - (Psi: 0.002980/GS: 0.692733)
--> Test Accuracy: 0.06505 - (Psi: 0.002865/GS: 0.621885)
Epoch [107/300] - Train Loss: 0.08702 - (Psi: 0.003115/GS: 0.839032)
--> Test Accuracy: 0.08906 - (Psi: 0.003961/GS: 0.851023)
Epoch [108/300] - Train Loss: 0.11533 - (Psi: 0.003503/GS: 1.118233)
--> Test Accuracy: 0.11706 - (Psi: 0.003146/GS: 1.139183)
Epoch [109/300] - Train Loss: 0.15269 - (Psi: 0.003944/GS: 1.487414)
--> Test Accuracy: 0.20995 - (Psi: 0.003637/GS: 2.063133)
Epoch [110/300] - Train Loss: 0.19155 - (Psi: 0.004658/GS: 1.868932)
--> Test Accuracy: 0.20610 - (Psi: 0.004560/GS: 2.015451)
Epoch [111/300] - Train Loss: 0.23614 - (Psi: 0.005375/GS: 2.307700)
--> Test Accuracy: 0.23813 - (Psi: 0.004847/GS: 2.332787)
Epoch [112/300] - Train Loss: 0.31224 - (Psi: 0.006453/GS: 3.057863)
--> Test Accuracy: 0.26558 - (Psi: 0.005474/GS: 2.601081)
Epoch [113/300] - Train Loss: 0.38206 - (Psi: 0.007244/GS: 3.748139)
--> Test Accuracy: 0.26341 - (Psi: 0.005179/GS: 2.582280)
Epoch [114/300] - Train Loss: 0.45280 - (Psi: 0.008677/GS: 4.441219)
--> Test Accuracy: 0.62689 - (Psi: 0.008581/GS: 6.183122)
Epoch [115/300] - Train Loss: 0.54355 - (Psi: 0.010036/GS: 5.335126)
--> Test Accuracy: 1.30730 - (Psi: 0.026649/GS: 12.806558)
Epoch [116/300] - Train Loss: 0.59541 - (Psi: 0.010481/GS: 5.849292)
--> Test Accuracy: 0.42978 - (Psi: 0.008516/GS: 4.212662)
Epoch [117/300] - Train Loss: 0.67323 - (Psi: 0.012239/GS: 6.609944)
--> Test Accuracy: 0.40600 - (Psi: 0.025472/GS: 3.805287)
Epoch [118/300] - Train Loss: 0.65179 - (Psi: 0.011474/GS: 6.403200)
--> Test Accuracy: 1.78571 - (Psi: 0.020816/GS: 17.648979)
Epoch [119/300] - Train Loss: 0.74693 - (Psi: 0.013447/GS: 7.334834)
--> Test Accuracy: 0.84703 - (Psi: 0.019094/GS: 8.279372)
Epoch [120/300] - Train Loss: 0.70673 - (Psi: 0.013870/GS: 6.928597)
--> Test Accuracy: 0.75385 - (Psi: 0.009927/GS: 7.439258)
Epoch [121/300] - Train Loss: 0.71079 - (Psi: 0.014061/GS: 6.967293)
--> Test Accuracy: 0.79884 - (Psi: 0.009437/GS: 7.894056)
Epoch [122/300] - Train Loss: 0.74480 - (Psi: 0.013772/GS: 7.310323)
--> Test Accuracy: 0.57579 - (Psi: 0.008237/GS: 5.675526)
Epoch [123/300] - Train Loss: 0.66071 - (Psi: 0.012706/GS: 6.480074)
--> Test Accuracy: 0.65648 - (Psi: 0.016902/GS: 6.395731)
Epoch [124/300] - Train Loss: 0.63666 - (Psi: 0.011338/GS: 6.253248)
--> Test Accuracy: 0.45873 - (Psi: 0.010545/GS: 4.481825)
Epoch [125/300] - Train Loss: 0.57275 - (Psi: 0.010983/GS: 5.617634)
--> Test Accuracy: 0.51224 - (Psi: 0.007887/GS: 5.043570)
Epoch [126/300] - Train Loss: 0.52047 - (Psi: 0.011054/GS: 5.094125)
--> Test Accuracy: 0.45230 - (Psi: 0.008492/GS: 4.438111)
Epoch [127/300] - Train Loss: 0.47013 - (Psi: 0.009948/GS: 4.601774)
--> Test Accuracy: 0.32857 - (Psi: 0.005783/GS: 3.227854)
Epoch [128/300] - Train Loss: 0.39649 - (Psi: 0.008389/GS: 3.881033)
--> Test Accuracy: 0.66820 - (Psi: 0.010035/GS: 6.581671)
Epoch [129/300] - Train Loss: 0.34317 - (Psi: 0.007186/GS: 3.359829)
--> Test Accuracy: 0.44793 - (Psi: 0.011738/GS: 4.361915)
Epoch [130/300] - Train Loss: 0.26572 - (Psi: 0.006080/GS: 2.596376)
--> Test Accuracy: 0.24942 - (Psi: 0.004591/GS: 2.448251)
Epoch [131/300] - Train Loss: 0.22196 - (Psi: 0.005346/GS: 2.166092)
--> Test Accuracy: 0.18300 - (Psi: 0.004720/GS: 1.782824)
Epoch [132/300] - Train Loss: 0.16867 - (Psi: 0.004451/GS: 1.642197)
--> Test Accuracy: 0.14347 - (Psi: 0.003563/GS: 1.399058)
Epoch [133/300] - Train Loss: 0.13518 - (Psi: 0.003902/GS: 1.312767)
--> Test Accuracy: 0.16451 - (Psi: 0.003518/GS: 1.609925)
Epoch [134/300] - Train Loss: 0.10951 - (Psi: 0.003415/GS: 1.060945)
--> Test Accuracy: 0.08382 - (Psi: 0.003054/GS: 0.807651)
Epoch [135/300] - Train Loss: 0.08264 - (Psi: 0.002933/GS: 0.797107)
--> Test Accuracy: 0.07764 - (Psi: 0.003687/GS: 0.739552)
Epoch [136/300] - Train Loss: 0.06613 - (Psi: 0.002618/GS: 0.635159)
--> Test Accuracy: 0.06838 - (Psi: 0.002473/GS: 0.659040)
Epoch [137/300] - Train Loss: 0.05706 - (Psi: 0.002387/GS: 0.546685)
--> Test Accuracy: 0.05583 - (Psi: 0.002323/GS: 0.535044)
Epoch [138/300] - Train Loss: 0.05056 - (Psi: 0.002239/GS: 0.483234)
--> Test Accuracy: 0.05286 - (Psi: 0.002166/GS: 0.506925)
Epoch [139/300] - Train Loss: 0.04675 - (Psi: 0.002147/GS: 0.446061)
--> Test Accuracy: 0.04816 - (Psi: 0.002155/GS: 0.460011)
Epoch [140/300] - Train Loss: 0.04479 - (Psi: 0.002096/GS: 0.426957)
--> Test Accuracy: 0.04719 - (Psi: 0.002084/GS: 0.451070)
Epoch [141/300] - Train Loss: 0.04460 - (Psi: 0.002080/GS: 0.425213)
--> Test Accuracy: 0.04719 - (Psi: 0.002084/GS: 0.451070)
Epoch [142/300] - Train Loss: 0.04463 - (Psi: 0.002086/GS: 0.425415)
--> Test Accuracy: 0.04693 - (Psi: 0.002090/GS: 0.448443)
Epoch [143/300] - Train Loss: 0.04579 - (Psi: 0.002106/GS: 0.436848)
--> Test Accuracy: 0.04887 - (Psi: 0.002149/GS: 0.467250)
Epoch [144/300] - Train Loss: 0.04795 - (Psi: 0.002130/GS: 0.458199)
--> Test Accuracy: 0.05064 - (Psi: 0.002100/GS: 0.485393)
Epoch [145/300] - Train Loss: 0.05217 - (Psi: 0.002196/GS: 0.499745)
--> Test Accuracy: 0.05990 - (Psi: 0.002340/GS: 0.575634)
Epoch [146/300] - Train Loss: 0.05978 - (Psi: 0.002299/GS: 0.574788)
--> Test Accuracy: 0.06210 - (Psi: 0.002202/GS: 0.598934)
Epoch [147/300] - Train Loss: 0.07238 - (Psi: 0.002450/GS: 0.699323)
--> Test Accuracy: 0.06729 - (Psi: 0.002339/GS: 0.649470)
Epoch [148/300] - Train Loss: 0.09333 - (Psi: 0.002760/GS: 0.905720)
--> Test Accuracy: 0.13243 - (Psi: 0.002513/GS: 1.299148)
Epoch [149/300] - Train Loss: 0.11759 - (Psi: 0.003092/GS: 1.144976)
--> Test Accuracy: 0.06780 - (Psi: 0.002518/GS: 0.652849)
Epoch [150/300] - Train Loss: 0.15500 - (Psi: 0.003680/GS: 1.513211)
--> Test Accuracy: 0.14820 - (Psi: 0.008176/GS: 1.400237)
Epoch [151/300] - Train Loss: 0.20407 - (Psi: 0.004443/GS: 1.996226)
--> Test Accuracy: 0.26455 - (Psi: 0.005106/GS: 2.594442)
Epoch [152/300] - Train Loss: 0.24396 - (Psi: 0.005211/GS: 2.387497)
--> Test Accuracy: 0.33293 - (Psi: 0.008036/GS: 3.248903)
Epoch [153/300] - Train Loss: 0.32662 - (Psi: 0.006523/GS: 3.201007)
--> Test Accuracy: 0.74188 - (Psi: 0.009326/GS: 7.325570)
Epoch [154/300] - Train Loss: 0.37134 - (Psi: 0.007015/GS: 3.643274)
--> Test Accuracy: 0.45138 - (Psi: 0.007564/GS: 4.438184)
Epoch [155/300] - Train Loss: 0.42542 - (Psi: 0.007892/GS: 4.175286)
--> Test Accuracy: 1.23196 - (Psi: 0.010028/GS: 12.219310)
Epoch [156/300] - Train Loss: 0.47811 - (Psi: 0.009061/GS: 4.690462)
--> Test Accuracy: 0.61098 - (Psi: 0.010187/GS: 6.007898)
Epoch [157/300] - Train Loss: 0.53099 - (Psi: 0.011068/GS: 5.199249)
--> Test Accuracy: 0.87230 - (Psi: 0.014687/GS: 8.576175)
Epoch [158/300] - Train Loss: 0.52909 - (Psi: 0.010135/GS: 5.189566)
--> Test Accuracy: 0.65029 - (Psi: 0.012171/GS: 6.381197)
Epoch [159/300] - Train Loss: 0.58940 - (Psi: 0.011815/GS: 5.775801)
--> Test Accuracy: 1.16668 - (Psi: 0.022643/GS: 11.440357)
Epoch [160/300] - Train Loss: 0.56484 - (Psi: 0.010519/GS: 5.543222)
--> Test Accuracy: 0.54681 - (Psi: 0.008073/GS: 5.387367)
Epoch [161/300] - Train Loss: 0.60459 - (Psi: 0.011291/GS: 5.933029)
--> Test Accuracy: 0.63292 - (Psi: 0.016552/GS: 6.163717)
Epoch [162/300] - Train Loss: 0.59674 - (Psi: 0.010584/GS: 5.861532)
--> Test Accuracy: 0.83747 - (Psi: 0.009288/GS: 8.281795)
Epoch [163/300] - Train Loss: 0.62446 - (Psi: 0.012194/GS: 6.122683)
--> Test Accuracy: 0.92354 - (Psi: 0.016590/GS: 9.069500)
Epoch [164/300] - Train Loss: 0.49107 - (Psi: 0.010026/GS: 4.810461)
--> Test Accuracy: 0.78449 - (Psi: 0.011706/GS: 7.727875)
Epoch [165/300] - Train Loss: 0.50309 - (Psi: 0.010203/GS: 4.928913)
--> Test Accuracy: 0.48646 - (Psi: 0.006582/GS: 4.798803)
Epoch [166/300] - Train Loss: 0.46652 - (Psi: 0.008979/GS: 4.575432)
--> Test Accuracy: 0.29495 - (Psi: 0.005816/GS: 2.891344)
Epoch [167/300] - Train Loss: 0.40367 - (Psi: 0.008588/GS: 3.950810)
--> Test Accuracy: 0.31296 - (Psi: 0.005527/GS: 3.074336)
Epoch [168/300] - Train Loss: 0.34092 - (Psi: 0.006954/GS: 3.339685)
--> Test Accuracy: 0.30293 - (Psi: 0.005089/GS: 2.978406)
Epoch [169/300] - Train Loss: 0.27238 - (Psi: 0.006037/GS: 2.663397)
--> Test Accuracy: 0.31696 - (Psi: 0.005338/GS: 3.116186)
Epoch [170/300] - Train Loss: 0.23114 - (Psi: 0.005508/GS: 2.256280)
--> Test Accuracy: 0.22999 - (Psi: 0.004623/GS: 2.253651)
Epoch [171/300] - Train Loss: 0.18191 - (Psi: 0.004351/GS: 1.775561)
--> Test Accuracy: 0.11831 - (Psi: 0.004861/GS: 1.134519)
Epoch [172/300] - Train Loss: 0.14859 - (Psi: 0.003757/GS: 1.448306)
--> Test Accuracy: 0.19885 - (Psi: 0.003652/GS: 1.951952)
Epoch [173/300] - Train Loss: 0.12093 - (Psi: 0.003318/GS: 1.176099)
--> Test Accuracy: 0.08049 - (Psi: 0.003659/GS: 0.768279)
Epoch [174/300] - Train Loss: 0.09056 - (Psi: 0.002794/GS: 0.877645)
--> Test Accuracy: 0.08122 - (Psi: 0.002241/GS: 0.789832)
Epoch [175/300] - Train Loss: 0.07455 - (Psi: 0.002490/GS: 0.720610)
--> Test Accuracy: 0.06662 - (Psi: 0.002908/GS: 0.637099)
Epoch [176/300] - Train Loss: 0.05808 - (Psi: 0.002136/GS: 0.559469)
--> Test Accuracy: 0.05699 - (Psi: 0.002131/GS: 0.548633)
Epoch [177/300] - Train Loss: 0.04960 - (Psi: 0.001976/GS: 0.476234)
--> Test Accuracy: 0.05253 - (Psi: 0.001862/GS: 0.506674)
Epoch [178/300] - Train Loss: 0.04443 - (Psi: 0.001845/GS: 0.425878)
--> Test Accuracy: 0.04654 - (Psi: 0.001889/GS: 0.446481)
Epoch [179/300] - Train Loss: 0.04131 - (Psi: 0.001762/GS: 0.395526)
--> Test Accuracy: 0.04340 - (Psi: 0.001778/GS: 0.416230)
Epoch [180/300] - Train Loss: 0.03967 - (Psi: 0.001718/GS: 0.379518)
--> Test Accuracy: 0.04216 - (Psi: 0.001725/GS: 0.404322)
Epoch [181/300] - Train Loss: 0.03963 - (Psi: 0.001711/GS: 0.379143)
--> Test Accuracy: 0.04216 - (Psi: 0.001725/GS: 0.404322)
Epoch [182/300] - Train Loss: 0.03953 - (Psi: 0.001711/GS: 0.378148)
--> Test Accuracy: 0.04187 - (Psi: 0.001719/GS: 0.401485)
Epoch [183/300] - Train Loss: 0.04051 - (Psi: 0.001727/GS: 0.387786)
--> Test Accuracy: 0.04236 - (Psi: 0.001721/GS: 0.406366)
Epoch [184/300] - Train Loss: 0.04229 - (Psi: 0.001755/GS: 0.405311)
--> Test Accuracy: 0.04314 - (Psi: 0.001731/GS: 0.414065)
Epoch [185/300] - Train Loss: 0.04591 - (Psi: 0.001811/GS: 0.440983)
--> Test Accuracy: 0.05497 - (Psi: 0.001772/GS: 0.531962)
Epoch [186/300] - Train Loss: 0.05269 - (Psi: 0.001889/GS: 0.508033)
--> Test Accuracy: 0.06222 - (Psi: 0.001898/GS: 0.603191)
Epoch [187/300] - Train Loss: 0.06539 - (Psi: 0.002083/GS: 0.633032)
--> Test Accuracy: 0.05160 - (Psi: 0.001840/GS: 0.497635)
Epoch [188/300] - Train Loss: 0.08006 - (Psi: 0.002361/GS: 0.776958)
--> Test Accuracy: 0.12244 - (Psi: 0.002192/GS: 1.202443)
Epoch [189/300] - Train Loss: 0.10133 - (Psi: 0.002740/GS: 0.985947)
--> Test Accuracy: 0.07674 - (Psi: 0.002748/GS: 0.739949)
Epoch [190/300] - Train Loss: 0.13199 - (Psi: 0.003160/GS: 1.288326)
--> Test Accuracy: 0.11618 - (Psi: 0.002388/GS: 1.137951)
Epoch [191/300] - Train Loss: 0.17520 - (Psi: 0.003799/GS: 1.713967)
--> Test Accuracy: 0.26599 - (Psi: 0.003453/GS: 2.625371)
Epoch [192/300] - Train Loss: 0.20687 - (Psi: 0.004501/GS: 2.023714)
--> Test Accuracy: 0.19299 - (Psi: 0.011016/GS: 1.819778)
Epoch [193/300] - Train Loss: 0.25518 - (Psi: 0.005103/GS: 2.500815)
--> Test Accuracy: 0.38901 - (Psi: 0.007294/GS: 3.817133)
Epoch [194/300] - Train Loss: 0.30208 - (Psi: 0.006039/GS: 2.960421)
--> Test Accuracy: 0.27733 - (Psi: 0.003898/GS: 2.734334)
Epoch [195/300] - Train Loss: 0.38383 - (Psi: 0.007150/GS: 3.766817)
--> Test Accuracy: 0.99657 - (Psi: 0.010582/GS: 9.859859)
Epoch [196/300] - Train Loss: 0.41746 - (Psi: 0.007958/GS: 4.095014)
--> Test Accuracy: 0.23942 - (Psi: 0.004171/GS: 2.352451)
Epoch [197/300] - Train Loss: 0.48695 - (Psi: 0.009013/GS: 4.779371)
--> Test Accuracy: 0.39917 - (Psi: 0.006735/GS: 3.924306)
Epoch [198/300] - Train Loss: 0.51134 - (Psi: 0.009695/GS: 5.016440)
--> Test Accuracy: 0.20690 - (Psi: 0.006200/GS: 2.006961)
Epoch [199/300] - Train Loss: 0.48631 - (Psi: 0.010413/GS: 4.758924)
--> Test Accuracy: 1.42686 - (Psi: 0.013330/GS: 14.135338)
Epoch [200/300] - Train Loss: 0.57457 - (Psi: 0.010922/GS: 5.636453)
--> Test Accuracy: 0.25489 - (Psi: 0.006310/GS: 2.485826)
Epoch [201/300] - Train Loss: 0.48825 - (Psi: 0.009744/GS: 4.785054)
--> Test Accuracy: 0.57785 - (Psi: 0.042568/GS: 5.352846)
Epoch [202/300] - Train Loss: 0.54087 - (Psi: 0.010631/GS: 5.302401)
--> Test Accuracy: 0.25703 - (Psi: 0.006416/GS: 2.506173)
Epoch [203/300] - Train Loss: 0.48176 - (Psi: 0.009513/GS: 4.722429)
--> Test Accuracy: 0.68881 - (Psi: 0.012488/GS: 6.763219)
Epoch [204/300] - Train Loss: 0.44889 - (Psi: 0.008380/GS: 4.405059)
--> Test Accuracy: 0.30061 - (Psi: 0.004497/GS: 2.961138)
Epoch [205/300] - Train Loss: 0.43386 - (Psi: 0.011186/GS: 4.226693)
--> Test Accuracy: 0.18984 - (Psi: 0.004916/GS: 1.849254)
Epoch [206/300] - Train Loss: 0.40811 - (Psi: 0.007838/GS: 4.002699)
--> Test Accuracy: 0.21271 - (Psi: 0.006214/GS: 2.064946)
Epoch [207/300] - Train Loss: 0.31251 - (Psi: 0.006920/GS: 3.055903)
--> Test Accuracy: 0.53097 - (Psi: 0.008049/GS: 5.229173)
Epoch [208/300] - Train Loss: 0.28769 - (Psi: 0.005769/GS: 2.819248)
--> Test Accuracy: 0.30492 - (Psi: 0.004994/GS: 2.999288)
Epoch [209/300] - Train Loss: 0.24785 - (Psi: 0.005260/GS: 2.425922)
--> Test Accuracy: 0.16570 - (Psi: 0.003274/GS: 1.624217)
Epoch [210/300] - Train Loss: 0.20487 - (Psi: 0.004741/GS: 2.001302)
--> Test Accuracy: 0.20763 - (Psi: 0.003308/GS: 2.043224)
Epoch [211/300] - Train Loss: 0.16155 - (Psi: 0.003951/GS: 1.575978)
--> Test Accuracy: 0.16513 - (Psi: 0.003149/GS: 1.619822)
Epoch [212/300] - Train Loss: 0.13558 - (Psi: 0.003308/GS: 1.322681)
--> Test Accuracy: 0.13289 - (Psi: 0.002987/GS: 1.299003)
Epoch [213/300] - Train Loss: 0.10551 - (Psi: 0.002965/GS: 1.025461)
--> Test Accuracy: 0.13010 - (Psi: 0.006239/GS: 1.238572)
Epoch [214/300] - Train Loss: 0.07793 - (Psi: 0.002382/GS: 0.755444)
--> Test Accuracy: 0.06643 - (Psi: 0.002172/GS: 0.642624)
Epoch [215/300] - Train Loss: 0.06394 - (Psi: 0.002086/GS: 0.618510)
--> Test Accuracy: 0.06179 - (Psi: 0.001876/GS: 0.599140)
Epoch [216/300] - Train Loss: 0.05207 - (Psi: 0.001850/GS: 0.502190)
--> Test Accuracy: 0.06025 - (Psi: 0.002030/GS: 0.582237)
Epoch [217/300] - Train Loss: 0.04503 - (Psi: 0.001687/GS: 0.433419)
--> Test Accuracy: 0.04883 - (Psi: 0.001740/GS: 0.470888)
Epoch [218/300] - Train Loss: 0.04037 - (Psi: 0.001591/GS: 0.387746)
--> Test Accuracy: 0.04177 - (Psi: 0.001619/GS: 0.401516)
Epoch [219/300] - Train Loss: 0.03762 - (Psi: 0.001520/GS: 0.360960)
--> Test Accuracy: 0.03948 - (Psi: 0.001503/GS: 0.379818)
Epoch [220/300] - Train Loss: 0.03621 - (Psi: 0.001480/GS: 0.347341)
--> Test Accuracy: 0.03859 - (Psi: 0.001491/GS: 0.371033)
Epoch [221/300] - Train Loss: 0.03613 - (Psi: 0.001470/GS: 0.346595)
--> Test Accuracy: 0.03859 - (Psi: 0.001491/GS: 0.371033)
Epoch [222/300] - Train Loss: 0.03613 - (Psi: 0.001477/GS: 0.346529)
--> Test Accuracy: 0.03838 - (Psi: 0.001492/GS: 0.368880)
Epoch [223/300] - Train Loss: 0.03698 - (Psi: 0.001488/GS: 0.354908)
--> Test Accuracy: 0.03895 - (Psi: 0.001498/GS: 0.374571)
Epoch [224/300] - Train Loss: 0.03867 - (Psi: 0.001518/GS: 0.371479)
--> Test Accuracy: 0.04148 - (Psi: 0.001489/GS: 0.399919)
Epoch [225/300] - Train Loss: 0.04238 - (Psi: 0.001573/GS: 0.408094)
--> Test Accuracy: 0.04668 - (Psi: 0.001539/GS: 0.451390)
Epoch [226/300] - Train Loss: 0.04737 - (Psi: 0.001677/GS: 0.456905)
--> Test Accuracy: 0.05027 - (Psi: 0.001823/GS: 0.484512)
Epoch [227/300] - Train Loss: 0.05545 - (Psi: 0.001783/GS: 0.536630)
--> Test Accuracy: 0.06206 - (Psi: 0.001968/GS: 0.600885)
Epoch [228/300] - Train Loss: 0.07029 - (Psi: 0.001994/GS: 0.682915)
--> Test Accuracy: 0.08820 - (Psi: 0.001894/GS: 0.863007)
Epoch [229/300] - Train Loss: 0.09922 - (Psi: 0.002536/GS: 0.966863)
--> Test Accuracy: 0.07395 - (Psi: 0.001969/GS: 0.719759)
Epoch [230/300] - Train Loss: 0.11525 - (Psi: 0.002748/GS: 1.124997)
--> Test Accuracy: 0.09699 - (Psi: 0.002295/GS: 0.946924)
Epoch [231/300] - Train Loss: 0.14700 - (Psi: 0.003346/GS: 1.436537)
--> Test Accuracy: 0.09425 - (Psi: 0.001894/GS: 0.923539)
Epoch [232/300] - Train Loss: 0.19681 - (Psi: 0.004434/GS: 1.923755)
--> Test Accuracy: 0.13420 - (Psi: 0.002808/GS: 1.313879)
Epoch [233/300] - Train Loss: 0.23389 - (Psi: 0.005235/GS: 2.286544)
--> Test Accuracy: 0.27315 - (Psi: 0.005862/GS: 2.672840)
Epoch [234/300] - Train Loss: 0.28281 - (Psi: 0.005936/GS: 2.768774)
--> Test Accuracy: 0.17211 - (Psi: 0.002773/GS: 1.693354)
Epoch [235/300] - Train Loss: 0.33644 - (Psi: 0.006446/GS: 3.299964)
--> Test Accuracy: 0.23994 - (Psi: 0.005515/GS: 2.344213)
Epoch [236/300] - Train Loss: 0.38910 - (Psi: 0.007718/GS: 3.813802)
--> Test Accuracy: 0.65967 - (Psi: 0.012910/GS: 6.467588)
Epoch [237/300] - Train Loss: 0.37242 - (Psi: 0.007570/GS: 3.648453)
--> Test Accuracy: 0.59806 - (Psi: 0.014527/GS: 5.835355)
Epoch [238/300] - Train Loss: 0.42495 - (Psi: 0.008317/GS: 4.166315)
--> Test Accuracy: 0.30001 - (Psi: 0.004688/GS: 2.953240)
Epoch [239/300] - Train Loss: 0.42840 - (Psi: 0.008698/GS: 4.196994)
--> Test Accuracy: 0.48334 - (Psi: 0.005238/GS: 4.780995)
Epoch [240/300] - Train Loss: 0.49036 - (Psi: 0.009705/GS: 4.806520)
--> Test Accuracy: 0.83171 - (Psi: 0.012534/GS: 8.191715)
Epoch [241/300] - Train Loss: 0.44995 - (Psi: 0.010021/GS: 4.399261)
--> Test Accuracy: 0.29846 - (Psi: 0.009391/GS: 2.890656)
Epoch [242/300] - Train Loss: 0.43476 - (Psi: 0.008968/GS: 4.257877)
--> Test Accuracy: 0.81551 - (Psi: 0.010827/GS: 8.046839)
Epoch [243/300] - Train Loss: 0.46182 - (Psi: 0.009304/GS: 4.525155)
--> Test Accuracy: 0.51051 - (Psi: 0.011872/GS: 4.986413)
Epoch [244/300] - Train Loss: 0.45485 - (Psi: 0.009044/GS: 4.458033)
--> Test Accuracy: 0.68291 - (Psi: 0.008347/GS: 6.745595)
Epoch [245/300] - Train Loss: 0.34670 - (Psi: 0.007368/GS: 3.393286)
--> Test Accuracy: 0.48868 - (Psi: 0.007210/GS: 4.814685)
Epoch [246/300] - Train Loss: 0.34013 - (Psi: 0.007258/GS: 3.328773)
--> Test Accuracy: 0.25936 - (Psi: 0.004740/GS: 2.546214)
Epoch [247/300] - Train Loss: 0.31789 - (Psi: 0.006577/GS: 3.113101)
--> Test Accuracy: 0.28009 - (Psi: 0.004544/GS: 2.755469)
Epoch [248/300] - Train Loss: 0.24903 - (Psi: 0.005654/GS: 2.433743)
--> Test Accuracy: 0.29802 - (Psi: 0.007024/GS: 2.909968)
Epoch [249/300] - Train Loss: 0.22639 - (Psi: 0.005393/GS: 2.209947)
--> Test Accuracy: 0.35584 - (Psi: 0.004422/GS: 3.514154)
Epoch [250/300] - Train Loss: 0.18742 - (Psi: 0.004167/GS: 1.832549)
--> Test Accuracy: 0.27770 - (Psi: 0.006727/GS: 2.709686)
Epoch [251/300] - Train Loss: 0.14778 - (Psi: 0.003844/GS: 1.439393)
--> Test Accuracy: 0.09523 - (Psi: 0.002244/GS: 0.929867)
Epoch [252/300] - Train Loss: 0.11207 - (Psi: 0.003094/GS: 1.089738)
--> Test Accuracy: 0.12523 - (Psi: 0.002406/GS: 1.228207)
Epoch [253/300] - Train Loss: 0.09525 - (Psi: 0.002597/GS: 0.926562)
--> Test Accuracy: 0.09630 - (Psi: 0.002328/GS: 0.939701)
Epoch [254/300] - Train Loss: 0.07163 - (Psi: 0.002119/GS: 0.695077)
--> Test Accuracy: 0.08769 - (Psi: 0.001929/GS: 0.857622)
Epoch [255/300] - Train Loss: 0.05979 - (Psi: 0.001937/GS: 0.578572)
--> Test Accuracy: 0.05284 - (Psi: 0.001632/GS: 0.512091)
Epoch [256/300] - Train Loss: 0.04894 - (Psi: 0.001687/GS: 0.472570)
--> Test Accuracy: 0.05365 - (Psi: 0.001648/GS: 0.520002)
Epoch [257/300] - Train Loss: 0.04147 - (Psi: 0.001524/GS: 0.399480)
--> Test Accuracy: 0.05184 - (Psi: 0.001529/GS: 0.503102)
Epoch [258/300] - Train Loss: 0.03765 - (Psi: 0.001424/GS: 0.362283)
--> Test Accuracy: 0.03921 - (Psi: 0.001425/GS: 0.377854)
Epoch [259/300] - Train Loss: 0.03519 - (Psi: 0.001361/GS: 0.338327)
--> Test Accuracy: 0.03748 - (Psi: 0.001372/GS: 0.361056)
Epoch [260/300] - Train Loss: 0.03401 - (Psi: 0.001331/GS: 0.326821)
--> Test Accuracy: 0.03639 - (Psi: 0.001360/GS: 0.350270)
Epoch [261/300] - Train Loss: 0.03398 - (Psi: 0.001335/GS: 0.326409)
--> Test Accuracy: 0.03639 - (Psi: 0.001360/GS: 0.350270)
Epoch [262/300] - Train Loss: 0.03390 - (Psi: 0.001325/GS: 0.325797)
--> Test Accuracy: 0.03629 - (Psi: 0.001356/GS: 0.349383)
Epoch [263/300] - Train Loss: 0.03470 - (Psi: 0.001342/GS: 0.333610)
--> Test Accuracy: 0.03689 - (Psi: 0.001367/GS: 0.355260)
Epoch [264/300] - Train Loss: 0.03613 - (Psi: 0.001370/GS: 0.347614)
--> Test Accuracy: 0.03789 - (Psi: 0.001361/GS: 0.365297)
Epoch [265/300] - Train Loss: 0.03902 - (Psi: 0.001414/GS: 0.376048)
--> Test Accuracy: 0.04002 - (Psi: 0.001475/GS: 0.385430)
Epoch [266/300] - Train Loss: 0.04381 - (Psi: 0.001512/GS: 0.422969)
--> Test Accuracy: 0.04416 - (Psi: 0.001443/GS: 0.427137)
Epoch [267/300] - Train Loss: 0.05168 - (Psi: 0.001649/GS: 0.500356)
--> Test Accuracy: 0.05053 - (Psi: 0.001661/GS: 0.488672)
Epoch [268/300] - Train Loss: 0.06413 - (Psi: 0.001805/GS: 0.623261)
--> Test Accuracy: 0.07342 - (Psi: 0.001684/GS: 0.717325)
Epoch [269/300] - Train Loss: 0.08629 - (Psi: 0.002233/GS: 0.840572)
--> Test Accuracy: 0.06079 - (Psi: 0.001733/GS: 0.590540)
Epoch [270/300] - Train Loss: 0.10496 - (Psi: 0.002602/GS: 1.023620)
--> Test Accuracy: 0.14039 - (Psi: 0.003744/GS: 1.366481)
Epoch [271/300] - Train Loss: 0.14159 - (Psi: 0.003120/GS: 1.384663)
--> Test Accuracy: 0.14643 - (Psi: 0.004348/GS: 1.420776)
Epoch [272/300] - Train Loss: 0.18301 - (Psi: 0.004448/GS: 1.785608)
--> Test Accuracy: 0.11731 - (Psi: 0.002513/GS: 1.147980)
Epoch [273/300] - Train Loss: 0.19814 - (Psi: 0.004332/GS: 1.938059)
--> Test Accuracy: 0.20303 - (Psi: 0.002655/GS: 2.003777)
Epoch [274/300] - Train Loss: 0.23973 - (Psi: 0.005090/GS: 2.346369)
--> Test Accuracy: 0.19897 - (Psi: 0.003318/GS: 1.956539)
Epoch [275/300] - Train Loss: 0.29991 - (Psi: 0.006085/GS: 2.938204)
--> Test Accuracy: 0.24962 - (Psi: 0.004743/GS: 2.448782)
Epoch [276/300] - Train Loss: 0.29601 - (Psi: 0.006370/GS: 2.896434)
--> Test Accuracy: 0.32710 - (Psi: 0.004950/GS: 3.221515)
Epoch [277/300] - Train Loss: 0.33808 - (Psi: 0.007336/GS: 3.307480)
--> Test Accuracy: 0.44852 - (Psi: 0.006895/GS: 4.416276)
Epoch [278/300] - Train Loss: 0.40195 - (Psi: 0.007792/GS: 3.941601)
--> Test Accuracy: 0.35355 - (Psi: 0.006722/GS: 3.468245)
Epoch [279/300] - Train Loss: 0.44001 - (Psi: 0.009197/GS: 4.308126)
--> Test Accuracy: 0.29659 - (Psi: 0.005087/GS: 2.915007)
Epoch [280/300] - Train Loss: 0.44301 - (Psi: 0.008333/GS: 4.346791)
--> Test Accuracy: 0.24943 - (Psi: 0.005347/GS: 2.440790)
Epoch [281/300] - Train Loss: 0.46711 - (Psi: 0.009585/GS: 4.575254)
--> Test Accuracy: 0.39020 - (Psi: 0.005771/GS: 3.844262)
Epoch [282/300] - Train Loss: 0.40959 - (Psi: 0.008797/GS: 4.007889)
--> Test Accuracy: 0.59976 - (Psi: 0.013389/GS: 5.863682)
Epoch [283/300] - Train Loss: 0.42095 - (Psi: 0.008578/GS: 4.123754)
--> Test Accuracy: 0.41409 - (Psi: 0.016597/GS: 3.974944)
Epoch [284/300] - Train Loss: 0.36003 - (Psi: 0.008179/GS: 3.518479)
--> Test Accuracy: 0.43754 - (Psi: 0.006284/GS: 4.312521)
Epoch [285/300] - Train Loss: 0.33848 - (Psi: 0.007294/GS: 3.311863)
--> Test Accuracy: 0.35711 - (Psi: 0.004233/GS: 3.528792)
Epoch [286/300] - Train Loss: 0.30360 - (Psi: 0.006263/GS: 2.973391)
--> Test Accuracy: 0.48366 - (Psi: 0.005854/GS: 4.778051)
Epoch [287/300] - Train Loss: 0.29146 - (Psi: 0.006687/GS: 2.847737)
--> Test Accuracy: 0.20363 - (Psi: 0.003176/GS: 2.004521)
Epoch [288/300] - Train Loss: 0.23479 - (Psi: 0.005338/GS: 2.294558)
--> Test Accuracy: 0.27399 - (Psi: 0.004015/GS: 2.699787)
Epoch [289/300] - Train Loss: 0.20131 - (Psi: 0.004501/GS: 1.968134)
--> Test Accuracy: 0.19212 - (Psi: 0.003217/GS: 1.889075)
Epoch [290/300] - Train Loss: 0.16996 - (Psi: 0.004100/GS: 1.658603)
--> Test Accuracy: 0.16198 - (Psi: 0.002833/GS: 1.591462)
Epoch [291/300] - Train Loss: 0.13548 - (Psi: 0.003425/GS: 1.320551)
--> Test Accuracy: 0.11708 - (Psi: 0.002233/GS: 1.148475)
Epoch [292/300] - Train Loss: 0.10529 - (Psi: 0.002751/GS: 1.025435)
--> Test Accuracy: 0.09466 - (Psi: 0.002190/GS: 0.924716)
Epoch [293/300] - Train Loss: 0.08478 - (Psi: 0.002395/GS: 0.823827)
--> Test Accuracy: 0.12014 - (Psi: 0.002224/GS: 1.179207)
Epoch [294/300] - Train Loss: 0.06893 - (Psi: 0.001977/GS: 0.669493)
--> Test Accuracy: 0.05914 - (Psi: 0.001875/GS: 0.572657)
Epoch [295/300] - Train Loss: 0.05443 - (Psi: 0.001731/GS: 0.526959)
--> Test Accuracy: 0.06056 - (Psi: 0.001858/GS: 0.587022)
Epoch [296/300] - Train Loss: 0.04610 - (Psi: 0.001571/GS: 0.445310)
--> Test Accuracy: 0.05853 - (Psi: 0.001627/GS: 0.569076)
Epoch [297/300] - Train Loss: 0.03929 - (Psi: 0.001398/GS: 0.378913)
--> Test Accuracy: 0.03884 - (Psi: 0.001327/GS: 0.375130)
Epoch [298/300] - Train Loss: 0.03571 - (Psi: 0.001301/GS: 0.344055)
--> Test Accuracy: 0.03701 - (Psi: 0.001308/GS: 0.357004)
Epoch [299/300] - Train Loss: 0.03346 - (Psi: 0.001242/GS: 0.322218)
--> Test Accuracy: 0.03567 - (Psi: 0.001257/GS: 0.344111)
Epoch [300/300] - Train Loss: 0.03238 - (Psi: 0.001210/GS: 0.311691)
--> Test Accuracy: 0.03465 - (Psi: 0.001239/GS: 0.334127)

--- Flux Training Benchmarks ---
Psi -> MSE: 0.001205, R2: 0.999975
GS -> MSE: 0.310580, R2: 0.999995

--- Flux Validation Benchmarks ---
Psi -> MSE: 0.001239, R2: 0.999975
GS -> MSE: 0.334092, R2: 0.999995
Saved results to flux_results.png
Saved reconstructed flux to reconstructed_dataset.mat
