Using device: cuda
Loading data...
Loading existing split...
Data scaled: mean=18318.7188, std=74747.2891
Epoch [1/100] - Train Loss: 219.56691 - (Psi: 3.825876/GS: 2157.410303)
--> Test Accuracy: 12.77120 - (Psi: 0.490334/GS: 122.808670)
Epoch [2/100] - Train Loss: 11.20711 - (Psi: 0.362975/GS: 108.441400)
--> Test Accuracy: 9.07236 - (Psi: 0.268566/GS: 88.037928)
Epoch [3/100] - Train Loss: 7.20815 - (Psi: 0.218256/GS: 69.898913)
--> Test Accuracy: 7.95685 - (Psi: 0.201280/GS: 77.555673)
Epoch [4/100] - Train Loss: 5.57658 - (Psi: 0.154956/GS: 54.216273)
--> Test Accuracy: 5.22920 - (Psi: 0.147388/GS: 50.818128)
Epoch [5/100] - Train Loss: 4.23401 - (Psi: 0.115431/GS: 41.185830)
--> Test Accuracy: 4.84572 - (Psi: 0.091261/GS: 47.544632)
Epoch [6/100] - Train Loss: 3.87143 - (Psi: 0.097018/GS: 37.744168)
--> Test Accuracy: 2.81309 - (Psi: 0.078846/GS: 27.342438)
Epoch [7/100] - Train Loss: 3.29656 - (Psi: 0.079794/GS: 32.167687)
--> Test Accuracy: 3.48974 - (Psi: 0.084858/GS: 34.048768)
Epoch [8/100] - Train Loss: 3.23801 - (Psi: 0.071903/GS: 31.661050)
--> Test Accuracy: 1.39441 - (Psi: 0.047236/GS: 13.471700)
Epoch [9/100] - Train Loss: 2.78518 - (Psi: 0.061904/GS: 27.232780)
--> Test Accuracy: 1.74752 - (Psi: 0.052793/GS: 16.947229)
Epoch [10/100] - Train Loss: 2.46034 - (Psi: 0.054816/GS: 24.055234)
--> Test Accuracy: 2.40411 - (Psi: 0.047406/GS: 23.566990)
Epoch [11/100] - Train Loss: 2.34117 - (Psi: 0.050262/GS: 22.909037)
--> Test Accuracy: 1.63589 - (Psi: 0.049408/GS: 15.864818)
Epoch [12/100] - Train Loss: 2.32977 - (Psi: 0.048905/GS: 22.808682)
--> Test Accuracy: 4.24600 - (Psi: 0.053586/GS: 41.924164)
Epoch [13/100] - Train Loss: 2.04872 - (Psi: 0.044991/GS: 20.037300)
--> Test Accuracy: 1.26644 - (Psi: 0.035211/GS: 12.312309)
Epoch [14/100] - Train Loss: 1.87295 - (Psi: 0.039733/GS: 18.332170)
--> Test Accuracy: 4.46877 - (Psi: 0.042515/GS: 44.262563)
Epoch [15/100] - Train Loss: 1.99100 - (Psi: 0.040721/GS: 19.502836)
--> Test Accuracy: 2.10825 - (Psi: 0.051164/GS: 20.570905)
Epoch [16/100] - Train Loss: 1.81285 - (Psi: 0.036932/GS: 17.759205)
--> Test Accuracy: 2.74594 - (Psi: 0.036309/GS: 27.096285)
Epoch [17/100] - Train Loss: 1.60926 - (Psi: 0.033946/GS: 15.753155)
--> Test Accuracy: 1.14569 - (Psi: 0.026090/GS: 11.196020)
Epoch [18/100] - Train Loss: 1.74018 - (Psi: 0.035278/GS: 17.048979)
--> Test Accuracy: 2.80916 - (Psi: 0.032777/GS: 27.763788)
Epoch [19/100] - Train Loss: 1.49604 - (Psi: 0.031640/GS: 14.643974)
--> Test Accuracy: 4.15567 - (Psi: 0.062315/GS: 40.933596)
Epoch [20/100] - Train Loss: 1.52152 - (Psi: 0.031394/GS: 14.901220)
--> Test Accuracy: 1.16433 - (Psi: 0.025188/GS: 11.391380)
Epoch [21/100] - Train Loss: 1.46932 - (Psi: 0.030196/GS: 14.391285)
--> Test Accuracy: 1.40571 - (Psi: 0.035037/GS: 13.706718)
Epoch [22/100] - Train Loss: 1.43685 - (Psi: 0.029838/GS: 14.070081)
--> Test Accuracy: 3.04397 - (Psi: 0.058482/GS: 29.854899)
Epoch [23/100] - Train Loss: 1.46333 - (Psi: 0.028574/GS: 14.347600)
--> Test Accuracy: 2.75013 - (Psi: 0.057994/GS: 26.921357)
Epoch [24/100] - Train Loss: 0.55054 - (Psi: 0.016211/GS: 5.343245)
--> Test Accuracy: 0.40620 - (Psi: 0.012745/GS: 3.934582)
Epoch [25/100] - Train Loss: 0.48484 - (Psi: 0.014178/GS: 4.706573)
--> Test Accuracy: 0.96537 - (Psi: 0.016925/GS: 9.484457)
Epoch [26/100] - Train Loss: 0.44504 - (Psi: 0.013370/GS: 4.316661)
--> Test Accuracy: 0.77447 - (Psi: 0.033122/GS: 7.413449)
Epoch [27/100] - Train Loss: 0.46266 - (Psi: 0.012736/GS: 4.499281)
--> Test Accuracy: 0.38419 - (Psi: 0.011434/GS: 3.727606)
Epoch [28/100] - Train Loss: 0.46311 - (Psi: 0.012232/GS: 4.508738)
--> Test Accuracy: 0.40111 - (Psi: 0.010166/GS: 3.909457)
Epoch [29/100] - Train Loss: 0.45539 - (Psi: 0.012058/GS: 4.433310)
--> Test Accuracy: 1.12229 - (Psi: 0.017246/GS: 11.050405)
Epoch [30/100] - Train Loss: 0.42631 - (Psi: 0.011346/GS: 4.149597)
--> Test Accuracy: 0.53194 - (Psi: 0.014046/GS: 5.178925)
Epoch [31/100] - Train Loss: 0.42992 - (Psi: 0.011309/GS: 4.186089)
--> Test Accuracy: 0.78888 - (Psi: 0.011494/GS: 7.773826)
Epoch [32/100] - Train Loss: 0.40746 - (Psi: 0.010686/GS: 3.967726)
--> Test Accuracy: 0.28594 - (Psi: 0.008255/GS: 2.776894)
Epoch [33/100] - Train Loss: 0.38657 - (Psi: 0.010147/GS: 3.764252)
--> Test Accuracy: 0.39737 - (Psi: 0.010446/GS: 3.869209)
Epoch [34/100] - Train Loss: 0.41868 - (Psi: 0.010726/GS: 4.079525)
--> Test Accuracy: 0.54536 - (Psi: 0.010715/GS: 5.346419)
Epoch [35/100] - Train Loss: 0.40269 - (Psi: 0.010374/GS: 3.923172)
--> Test Accuracy: 0.75852 - (Psi: 0.011697/GS: 7.468242)
Epoch [36/100] - Train Loss: 0.39685 - (Psi: 0.010067/GS: 3.867798)
--> Test Accuracy: 0.49768 - (Psi: 0.009961/GS: 4.877200)
Epoch [37/100] - Train Loss: 0.40109 - (Psi: 0.010129/GS: 3.909633)
--> Test Accuracy: 0.38445 - (Psi: 0.011102/GS: 3.733485)
Epoch [38/100] - Train Loss: 0.37106 - (Psi: 0.009337/GS: 3.617258)
--> Test Accuracy: 0.59492 - (Psi: 0.009749/GS: 5.851671)
Epoch [39/100] - Train Loss: 0.18447 - (Psi: 0.006715/GS: 1.777597)
--> Test Accuracy: 0.15347 - (Psi: 0.005913/GS: 1.475577)
Epoch [40/100] - Train Loss: 0.17462 - (Psi: 0.006343/GS: 1.682757)
--> Test Accuracy: 0.16469 - (Psi: 0.005731/GS: 1.589560)
Epoch [41/100] - Train Loss: 0.16818 - (Psi: 0.006027/GS: 1.621521)
--> Test Accuracy: 0.11634 - (Psi: 0.005246/GS: 1.110921)
Epoch [42/100] - Train Loss: 0.16572 - (Psi: 0.005889/GS: 1.598319)
--> Test Accuracy: 0.22239 - (Psi: 0.006159/GS: 2.162300)
Epoch [43/100] - Train Loss: 0.16509 - (Psi: 0.005800/GS: 1.592890)
--> Test Accuracy: 0.18787 - (Psi: 0.005777/GS: 1.820894)
Epoch [44/100] - Train Loss: 0.16284 - (Psi: 0.005642/GS: 1.571983)
--> Test Accuracy: 0.17180 - (Psi: 0.005529/GS: 1.662704)
Epoch [45/100] - Train Loss: 0.15947 - (Psi: 0.005538/GS: 1.539348)
--> Test Accuracy: 0.19448 - (Psi: 0.005740/GS: 1.887380)
Epoch [46/100] - Train Loss: 0.15943 - (Psi: 0.005466/GS: 1.539613)
--> Test Accuracy: 0.18905 - (Psi: 0.005182/GS: 1.838688)
Epoch [47/100] - Train Loss: 0.15200 - (Psi: 0.005244/GS: 1.467586)
--> Test Accuracy: 0.13779 - (Psi: 0.005024/GS: 1.327686)
Epoch [48/100] - Train Loss: 0.09935 - (Psi: 0.004418/GS: 0.949334)
--> Test Accuracy: 0.11788 - (Psi: 0.004489/GS: 1.133935)
Epoch [49/100] - Train Loss: 0.09607 - (Psi: 0.004299/GS: 0.917680)
--> Test Accuracy: 0.12596 - (Psi: 0.004686/GS: 1.212701)
Epoch [50/100] - Train Loss: 0.09454 - (Psi: 0.004179/GS: 0.903583)
--> Test Accuracy: 0.09853 - (Psi: 0.004075/GS: 0.944504)
Epoch [51/100] - Train Loss: 0.09217 - (Psi: 0.004093/GS: 0.880780)
--> Test Accuracy: 0.08667 - (Psi: 0.003977/GS: 0.826968)
Epoch [52/100] - Train Loss: 0.09085 - (Psi: 0.004012/GS: 0.868413)
--> Test Accuracy: 0.13020 - (Psi: 0.004761/GS: 1.254341)
Epoch [53/100] - Train Loss: 0.09009 - (Psi: 0.003938/GS: 0.861507)
--> Test Accuracy: 0.09518 - (Psi: 0.003869/GS: 0.913146)
Epoch [54/100] - Train Loss: 0.08841 - (Psi: 0.003872/GS: 0.845386)
--> Test Accuracy: 0.09605 - (Psi: 0.003843/GS: 0.922030)
Epoch [55/100] - Train Loss: 0.08678 - (Psi: 0.003816/GS: 0.829595)
--> Test Accuracy: 0.10324 - (Psi: 0.003898/GS: 0.993429)
Epoch [56/100] - Train Loss: 0.08689 - (Psi: 0.003752/GS: 0.831338)
--> Test Accuracy: 0.09212 - (Psi: 0.003805/GS: 0.883155)
Epoch [57/100] - Train Loss: 0.08508 - (Psi: 0.003656/GS: 0.814216)
--> Test Accuracy: 0.10755 - (Psi: 0.003755/GS: 1.037988)
Epoch [58/100] - Train Loss: 0.06948 - (Psi: 0.003436/GS: 0.660486)
--> Test Accuracy: 0.07854 - (Psi: 0.003398/GS: 0.751445)
Epoch [59/100] - Train Loss: 0.06794 - (Psi: 0.003356/GS: 0.645815)
--> Test Accuracy: 0.06906 - (Psi: 0.003268/GS: 0.657914)
Epoch [60/100] - Train Loss: 0.06703 - (Psi: 0.003316/GS: 0.637120)
--> Test Accuracy: 0.06688 - (Psi: 0.003242/GS: 0.636389)
Epoch [61/100] - Train Loss: 0.06693 - (Psi: 0.003278/GS: 0.636559)
--> Test Accuracy: 0.06746 - (Psi: 0.003331/GS: 0.641307)
Epoch [62/100] - Train Loss: 0.06602 - (Psi: 0.003244/GS: 0.627787)
--> Test Accuracy: 0.06716 - (Psi: 0.003155/GS: 0.640085)
Epoch [63/100] - Train Loss: 0.06531 - (Psi: 0.003193/GS: 0.621117)
--> Test Accuracy: 0.07090 - (Psi: 0.003173/GS: 0.677276)
Epoch [64/100] - Train Loss: 0.06441 - (Psi: 0.003165/GS: 0.612446)
--> Test Accuracy: 0.07143 - (Psi: 0.003257/GS: 0.681753)
Epoch [65/100] - Train Loss: 0.06399 - (Psi: 0.003130/GS: 0.608556)
--> Test Accuracy: 0.06728 - (Psi: 0.003102/GS: 0.641787)
Epoch [66/100] - Train Loss: 0.06348 - (Psi: 0.003095/GS: 0.603855)
--> Test Accuracy: 0.06338 - (Psi: 0.003046/GS: 0.603372)
Epoch [67/100] - Train Loss: 0.06293 - (Psi: 0.003058/GS: 0.598696)
--> Test Accuracy: 0.06590 - (Psi: 0.003032/GS: 0.628683)
Epoch [68/100] - Train Loss: 0.06229 - (Psi: 0.003017/GS: 0.592711)
--> Test Accuracy: 0.06973 - (Psi: 0.003034/GS: 0.666974)
Epoch [69/100] - Train Loss: 0.06201 - (Psi: 0.002991/GS: 0.590241)
--> Test Accuracy: 0.06329 - (Psi: 0.003014/GS: 0.602784)
Epoch [70/100] - Train Loss: 0.06151 - (Psi: 0.002962/GS: 0.585511)
--> Test Accuracy: 0.06435 - (Psi: 0.002890/GS: 0.614582)
Epoch [71/100] - Train Loss: 0.06107 - (Psi: 0.002933/GS: 0.581336)
--> Test Accuracy: 0.06767 - (Psi: 0.003064/GS: 0.646013)
Epoch [72/100] - Train Loss: 0.06088 - (Psi: 0.002912/GS: 0.579651)
--> Test Accuracy: 0.06287 - (Psi: 0.002850/GS: 0.600189)
Epoch [73/100] - Train Loss: 0.06011 - (Psi: 0.002887/GS: 0.572240)
--> Test Accuracy: 0.06444 - (Psi: 0.002815/GS: 0.616299)
Epoch [74/100] - Train Loss: 0.05955 - (Psi: 0.002860/GS: 0.566908)
--> Test Accuracy: 0.05945 - (Psi: 0.002793/GS: 0.566597)
Epoch [75/100] - Train Loss: 0.05926 - (Psi: 0.002828/GS: 0.564316)
--> Test Accuracy: 0.06107 - (Psi: 0.003249/GS: 0.578199)
Epoch [76/100] - Train Loss: 0.05877 - (Psi: 0.002808/GS: 0.559645)
--> Test Accuracy: 0.06199 - (Psi: 0.003315/GS: 0.586766)
Epoch [77/100] - Train Loss: 0.05817 - (Psi: 0.002777/GS: 0.553910)
--> Test Accuracy: 0.06492 - (Psi: 0.002718/GS: 0.621994)
Epoch [78/100] - Train Loss: 0.05806 - (Psi: 0.002741/GS: 0.553209)
--> Test Accuracy: 0.06983 - (Psi: 0.002785/GS: 0.670463)
Epoch [79/100] - Train Loss: 0.05780 - (Psi: 0.002739/GS: 0.550587)
--> Test Accuracy: 0.06937 - (Psi: 0.002811/GS: 0.665547)
Epoch [80/100] - Train Loss: 0.05742 - (Psi: 0.002708/GS: 0.547074)
--> Test Accuracy: 0.05835 - (Psi: 0.002685/GS: 0.556636)
Epoch [81/100] - Train Loss: 0.05667 - (Psi: 0.002680/GS: 0.539902)
--> Test Accuracy: 0.06008 - (Psi: 0.002947/GS: 0.571353)
Epoch [82/100] - Train Loss: 0.05665 - (Psi: 0.002669/GS: 0.539802)
--> Test Accuracy: 0.05519 - (Psi: 0.002595/GS: 0.525977)
Epoch [83/100] - Train Loss: 0.05611 - (Psi: 0.002649/GS: 0.534651)
--> Test Accuracy: 0.05885 - (Psi: 0.002633/GS: 0.562188)
Epoch [84/100] - Train Loss: 0.05582 - (Psi: 0.002614/GS: 0.532099)
--> Test Accuracy: 0.05816 - (Psi: 0.002722/GS: 0.554365)
Epoch [85/100] - Train Loss: 0.05576 - (Psi: 0.002609/GS: 0.531474)
--> Test Accuracy: 0.05552 - (Psi: 0.002621/GS: 0.529030)
Epoch [86/100] - Train Loss: 0.05528 - (Psi: 0.002575/GS: 0.527058)
--> Test Accuracy: 0.05810 - (Psi: 0.002618/GS: 0.554794)
Epoch [87/100] - Train Loss: 0.05469 - (Psi: 0.002557/GS: 0.521369)
--> Test Accuracy: 0.05412 - (Psi: 0.002515/GS: 0.516097)
Epoch [88/100] - Train Loss: 0.05452 - (Psi: 0.002537/GS: 0.519790)
--> Test Accuracy: 0.05812 - (Psi: 0.002563/GS: 0.555601)
Epoch [89/100] - Train Loss: 0.05425 - (Psi: 0.002531/GS: 0.517227)
--> Test Accuracy: 0.05731 - (Psi: 0.002663/GS: 0.546480)
Epoch [90/100] - Train Loss: 0.05389 - (Psi: 0.002500/GS: 0.513935)
--> Test Accuracy: 0.06081 - (Psi: 0.002657/GS: 0.581580)
Epoch [91/100] - Train Loss: 0.05378 - (Psi: 0.002489/GS: 0.512948)
--> Test Accuracy: 0.05295 - (Psi: 0.002434/GS: 0.505190)
Epoch [92/100] - Train Loss: 0.05326 - (Psi: 0.002461/GS: 0.507969)
--> Test Accuracy: 0.05771 - (Psi: 0.002469/GS: 0.552408)
Epoch [93/100] - Train Loss: 0.05343 - (Psi: 0.002444/GS: 0.509858)
--> Test Accuracy: 0.05613 - (Psi: 0.002435/GS: 0.536968)
Epoch [94/100] - Train Loss: 0.05288 - (Psi: 0.002432/GS: 0.504443)
--> Test Accuracy: 0.06332 - (Psi: 0.002492/GS: 0.608302)
Epoch [95/100] - Train Loss: 0.05276 - (Psi: 0.002419/GS: 0.503372)
--> Test Accuracy: 0.05771 - (Psi: 0.002410/GS: 0.552992)
Epoch [96/100] - Train Loss: 0.05260 - (Psi: 0.002401/GS: 0.502036)
--> Test Accuracy: 0.05623 - (Psi: 0.002389/GS: 0.538454)
Epoch [97/100] - Train Loss: 0.05257 - (Psi: 0.002376/GS: 0.501957)
--> Test Accuracy: 0.05362 - (Psi: 0.002351/GS: 0.512663)
Epoch [98/100] - Train Loss: 0.04690 - (Psi: 0.002295/GS: 0.446005)
--> Test Accuracy: 0.04811 - (Psi: 0.002296/GS: 0.458133)
Epoch [99/100] - Train Loss: 0.04661 - (Psi: 0.002274/GS: 0.443348)
--> Test Accuracy: 0.04956 - (Psi: 0.002363/GS: 0.471950)
Epoch [100/100] - Train Loss: 0.04652 - (Psi: 0.002265/GS: 0.442591)
--> Test Accuracy: 0.04958 - (Psi: 0.002300/GS: 0.472832)

--- Flux Training Benchmarks ---
Psi -> MSE: 0.002284, R2: 0.999954
GS  -> MSE: 0.454188, R2: 0.999993

--- Flux Validation Benchmarks ---
Psi -> MSE: 0.002300, R2: 0.999953
GS  -> MSE: 0.472799, R2: 0.999992
Saved results to flux_results.png
Saved reconstructed flux to reconstructed_dataset.pth
